MemTotal:       16604096 kB
MemFree:        14827376 kB
MemAvailable:   15636304 kB
Buffers:           65264 kB
Cached:           802544 kB
SwapCached:            0 kB
Active:           839408 kB
Inactive:         651152 kB
Active(anon):     635472 kB
Inactive(anon):        0 kB
Active(file):     203936 kB
Inactive(file):   651152 kB
Unevictable:           0 kB
Mlocked:               0 kB
SwapTotal:       2097136 kB
SwapFree:        2097136 kB
Zswap:                 0 kB
Zswapped:              0 kB
Dirty:               160 kB
Writeback:             0 kB
AnonPages:        623744 kB
Mapped:           114528 kB
Shmem:             13264 kB
KReclaimable:      77008 kB
Slab:             129984 kB
SReclaimable:      77008 kB
SUnreclaim:        52976 kB
KernelStack:        4352 kB
PageTables:        36976 kB
SecPageTables:       128 kB
NFS_Unstable:          0 kB
Bounce:                0 kB
WritebackTmp:          0 kB
CommitLimit:    10399184 kB
Committed_AS:     963120 kB
VmallocTotal:   68447887360 kB
VmallocUsed:       67856 kB
VmallocChunk:          0 kB
Percpu:             1344 kB
CmaTotal:          65536 kB
CmaFree:           55296 kB
